// Jest Snapshot v1, https://goo.gl/fbAQLP

exports[`<MultisigKeystoreInfo /> renders correctly 1`] = `null`;
