// Jest Snapshot v1, https://goo.gl/fbAQLP

exports[`<MultisigKeystoreEditForm /> renders correctly 1`] = `
<Connect(MultisigKeystoreCreationForm)
  data={
    Object {
      "addresses": Array [
        Object {
          "address": "0x12345",
          "name": "test address 1",
          "networks": Array [
            Object {
              "id": 1,
            },
            Object {
              "id": 2,
            },
          ],
          "tokens": Array [
            Object {
              "id": 1,
            },
            Object {
              "id": 2,
            },
          ],
        },
      ],
      "type": "testType",
    }
  }
  editing={true}
  setFormData={[Function]}
/>
`;
