// Jest Snapshot v1, https://goo.gl/fbAQLP

exports[`<MultisigKeystoreTransactionProxy /> renders correctly 1`] = `
<p>
  Loading...
</p>
`;
