// Jest Snapshot v1, https://goo.gl/fbAQLP

exports[`<PaginationMenu /> renders correctly 1`] = `
<Menu
  pagination={true}
  size="small"
>
  <MenuItem
    as="a"
    name="back"
    onClick={[Function]}
  >
    <Icon
      as="i"
      name="step backward"
    />
  </MenuItem>
  <MenuItem
    content="10 - 20 / 50"
  />
  <MenuItem
    as="a"
    name="forward"
    onClick={[Function]}
  >
    <Icon
      as="i"
      name="step forward"
    />
  </MenuItem>
</Menu>
`;
