// Jest Snapshot v1, https://goo.gl/fbAQLP

exports[`<App /> renders correctly 1`] = `
<div
  className="pusher"
>
  <Connect(TransactionSigningOverlay) />
  <HashRouter>
    <MenuSystem
      className="content"
      fixed="top"
      marginTop="5em"
      renderLastItem={[Function]}
      secondary={false}
      tabs={
        Array [
          Object {
            "component": [Function],
            "exact": true,
            "icon": "key",
            "name": "Keystores",
            "path": "/",
          },
          Object {
            "component": [Function],
            "icon": "wrench",
            "name": "Config",
            "path": "/config",
          },
          Object {
            "component": [Function],
            "icon": "code",
            "name": "Dapplets",
            "path": "/dapplets",
          },
        ]
      }
      usingRouter={true}
    />
  </HashRouter>
  <Footer />
</div>
`;
